++++ BEGINNING TEST
+++ CHECK BAD KEY ID
keyctl read 0
keyctl_read_alloc: Required key not available
keyctl print 0
keyctl_read_alloc: Required key not available
keyctl pipe 0
keyctl_read_alloc: Required key not available
+++ CREATE KEY
keyctl add user lizard gizzard @s
435469107
+++ UNLINK KEY
keyctl unlink 435469107 @s
+++ WAITING FOR KEY TO BE UNLINKED
keyctl unlink 435469107 @s
keyctl_unlink: No such file or directory
keyctl unlink 435469107 @s
keyctl_unlink: Required key not available
+++ CHECK CLEAR NON-EXISTENT KEY ID
keyctl read 435469107
keyctl_read_alloc: Required key not available
keyctl print 435469107
keyctl_read_alloc: Required key not available
keyctl pipe 435469107
keyctl_read_alloc: Required key not available
++++ FINISHED TEST: PASS
