++++ BEGINNING TEST
+++ ADD USER KEY
keyctl add user wibble stuff @s
493720090
+++ PRINT PAYLOAD
keyctl print 493720090
stuff
+++ UPDATE USER KEY
keyctl update 493720090 lizard
+++ PRINT UPDATED PAYLOAD
keyctl print 493720090
lizard
+++ UNLINK KEY
keyctl unlink 493720090 @s
++++ FINISHED TEST: PASS
