++++ BEGINNING TEST
+++ ADD USER KEY
echo -n stuff | keyctl padd user wibble @s
838162801
+++ PRINT PAYLOAD
keyctl print 838162801
stuff
+++ UPDATE USER KEY
echo -n lizard | keyctl padd user wibble @s
838162801
+++ PRINT UPDATED PAYLOAD
keyctl print 838162801
lizard
+++ UNLINK KEY
keyctl unlink 838162801 @s
++++ FINISHED TEST: PASS
