++++ BEGINNING TEST
+++ CHECK BAD KEY ID
keyctl rlist 0
keyctl_read_alloc: Required key not available
keyctl list 0
keyctl_read_alloc: Required key not available
+++ CREATE KEY
keyctl add user lizard gizzard @s
41293946
+++ UNLINK KEY
keyctl unlink 41293946 @s
+++ WAITING FOR KEY TO BE UNLINKED
keyctl unlink 41293946 @s
keyctl_unlink: Required key not available
+++ CHECK NON-EXISTENT KEY ID
keyctl rlist 41293946
keyctl_read_alloc: Required key not available
keyctl list 41293946
keyctl_read_alloc: Required key not available
++++ FINISHED TEST: PASS
