++++ BEGINNING TEST
+++ ADD USER KEY
keyctl add user wibble stuff @s
804821818
+++ PRINT PAYLOAD
keyctl print 804821818
stuff
+++ PUPDATE USER KEY
echo -n lizard | keyctl pupdate 804821818
+++ PRINT UPDATED PAYLOAD
keyctl print 804821818
lizard
+++ UNLINK KEY
keyctl unlink 804821818 @s
++++ FINISHED TEST: PASS
