++++ BEGINNING TEST
+++ CHECK BAD KEY ID
keyctl instantiate 0 a @p
keyctl_instantiate: Operation not permitted
echo -n a | keyctl pinstantiate 0 @p
keyctl_instantiate: Operation not permitted
keyctl negate 0 10 @p
keyctl_negate: Operation not permitted
+++ CREATE KEY
keyctl add user lizard gizzard @s
980676095
+++ CHECK ALREADY INSTANTIATED KEY
keyctl instantiate 980676095 a @p
keyctl_instantiate: Operation not permitted
echo -n a | keyctl pinstantiate 980676095 @p
keyctl_instantiate: Operation not permitted
keyctl negate 980676095 10 @p
keyctl_negate: Operation not permitted
+++ CHECK NEGATE TIMEOUT
Unparsable timeout: 'aa'
+++ UNLINK KEY
keyctl unlink 980676095 @s
+++ WAITING FOR KEY TO BE UNLINKED
keyctl unlink 980676095 @s
keyctl_unlink: Required key not available
+++ CHECK NON-EXISTENT KEY ID
keyctl instantiate 0 a @p
keyctl_instantiate: Operation not permitted
echo -n a | keyctl pinstantiate 0 @p
keyctl_instantiate: Operation not permitted
keyctl negate 0 10 @p
keyctl_negate: Operation not permitted
++++ FINISHED TEST: PASS
