++++ BEGINNING TEST
+++ CHECK UPDATE SESSION KEYRING
keyctl update @s a
keyctl_update: Operation not supported
+++ CHECK UPDATE INVALID KEY
keyctl update 0 a
keyctl_update: Invalid argument
+++ ADD USER KEY
keyctl add user wibble stuff @s
1061301017
+++ UNLINK KEY
keyctl unlink 1061301017 @s
+++ WAITING FOR KEY TO BE UNLINKED
keyctl unlink 1061301017 @s
keyctl_unlink: Required key not available
+++ UPDATE UNLINKED KEY
keyctl update 1061301017 @s
keyctl_update: Required key not available
++++ FINISHED TEST: PASS
