++++ BEGINNING TEST
+++ ADD CA KEYRING
keyctl newring cakeyring @s
635698691
+++ ADD KEYRING TO RESTRICT
keyctl newring restrict @s
121646510
+++ INVALID EXTRA PARAMETER 1
keyctl restrict_keyring 121646510 asymmetric key_or_keyring:635698691:bad_param
keyctl_restrict_keyring: Invalid argument
+++ INVALID EXTRA PARAMETER 2
keyctl restrict_keyring 121646510 asymmetric builtin_trusted:bad_param
keyctl_restrict_keyring: Invalid argument
+++ INVALID RESTRICT METHOD
keyctl restrict_keyring 121646510 asymmetric no_such_method:635698691
keyctl_restrict_keyring: Invalid argument
+++ INVALID KEY TYPE
keyctl restrict_keyring 121646510 not_a_key_type builtin_trusted
keyctl_restrict_keyring: Required key not available
+++ INVALID KEY ID
keyctl restrict_keyring 121646510 asymmetric key_or_keyring:abcxyz
keyctl_restrict_keyring: Invalid argument
+++ USE KEY ID 0 FOR KEYRING
keyctl restrict_keyring 121646510 asymmetric key_or_keyring:0
keyctl_restrict_keyring: Required key not available
++++ FINISHED TEST: PASS
