++++ BEGINNING TEST
+++ CHECK LINK FROM BAD KEY ID
keyctl link 0 @s
keyctl_link: Invalid argument
+++ CHECK LINK TO BAD KEY ID
keyctl link @s 0
keyctl_link: Invalid argument
+++ CREATE KEY
keyctl add user lizard gizzard @s
915433199
+++ CHECK LINK TO NON-KEYRING KEY
keyctl link @s 915433199
keyctl_link: Not a directory
+++ UNLINK KEY
keyctl unlink 915433199 @s
+++ WAITING FOR KEY TO BE UNLINKED
keyctl unlink 915433199 @s
keyctl_unlink: Required key not available
+++ CHECK LINK TO NON-EXISTENT KEY ID
keyctl link @s 915433199
keyctl_link: Required key not available
+++ CHECK LINK FROM NON-EXISTENT KEY ID
keyctl link 915433199 @s
keyctl_link: Required key not available
++++ FINISHED TEST: PASS
