++++ BEGINNING TEST
+++ CHECK BAD KEY ID
keyctl revoke 0
keyctl_revoke: Invalid argument
+++ CHECK NON-EXISTENT KEY ID
keyctl revoke @t
keyctl_revoke: Required key not available
++++ FINISHED TEST: PASS
