++++ BEGINNING TEST
+++ ADD KEYRING
keyctl newring wibble @s
484525705
+++ ADD KEY
keyctl add user lizard gizzard 484525705
246807824
+++ CHOWN
keyctl chown 246807824 1
keyctl_chown: Permission denied
+++ CHGRP
keyctl chgrp 246807824 1
keyctl_chown: Permission denied
+++ ITERATE PERMISSIONS
keyctl setperm 246807824 0x00210002
keyctl rdescribe 246807824 @
user@1000@1000@00210002@lizard
keyctl setperm 246807824 0x00210004
keyctl rdescribe 246807824 @
user@1000@1000@00210004@lizard
keyctl setperm 246807824 0x00210008
keyctl rdescribe 246807824 @
user@1000@1000@00210008@lizard
keyctl setperm 246807824 0x00210010
keyctl rdescribe 246807824 @
user@1000@1000@00210010@lizard
keyctl setperm 246807824 0x00210200
keyctl rdescribe 246807824 @
user@1000@1000@00210200@lizard
keyctl setperm 246807824 0x00210400
keyctl rdescribe 246807824 @
user@1000@1000@00210400@lizard
keyctl setperm 246807824 0x00210800
keyctl rdescribe 246807824 @
user@1000@1000@00210800@lizard
keyctl setperm 246807824 0x00211000
keyctl rdescribe 246807824 @
user@1000@1000@00211000@lizard
keyctl setperm 246807824 0x00230000
keyctl rdescribe 246807824 @
user@1000@1000@00230000@lizard
keyctl setperm 246807824 0x00250000
keyctl rdescribe 246807824 @
user@1000@1000@00250000@lizard
keyctl setperm 246807824 0x00290000
keyctl rdescribe 246807824 @
user@1000@1000@00290000@lizard
keyctl setperm 246807824 0x00310000
keyctl rdescribe 246807824 @
user@1000@1000@00310000@lizard
keyctl setperm 246807824 0x02210000
keyctl rdescribe 246807824 @
user@1000@1000@02210000@lizard
keyctl setperm 246807824 0x04210000
keyctl rdescribe 246807824 @
user@1000@1000@04210000@lizard
keyctl setperm 246807824 0x08210000
keyctl rdescribe 246807824 @
user@1000@1000@08210000@lizard
keyctl setperm 246807824 0x10210000
keyctl rdescribe 246807824 @
user@1000@1000@10210000@lizard
+++ VIEW GROUP PERMISSIONS
keyctl setperm 246807824 0x00201f00
keyctl rdescribe 246807824 @
keyctl_describe: Permission denied
+++ VIEW OTHER PERMISSIONS
keyctl setperm 246807824 0x0020001f
keyctl rdescribe 246807824 @
keyctl_describe: Permission denied
+++ REMOVE SETATTR
keyctl setperm 246807824 0x1f1f1f1f
keyctl rdescribe 246807824 @
user@1000@1000@1f1f1f1f@lizard
+++ REINSTATE SETATTR
keyctl setperm 246807824 0x3f3f1f1f
keyctl_setperm: Permission denied
+++ UNLINK KEYRING
keyctl unlink 484525705 @s
++++ FINISHED TEST: PASS
