++++ BEGINNING TEST
+++ CHECK UPDATE SESSION KEYRING
echo -n a | keyctl pupdate @s
keyctl_update: Operation not supported
+++ CHECK UPDATE INVALID KEY
echo -n a | keyctl pupdate 0
keyctl_update: Invalid argument
+++ ADD USER KEY
keyctl add user wibble stuff @s
207503747
+++ UNLINK KEY
keyctl unlink 207503747 @s
+++ WAITING FOR KEY TO BE UNLINKED
keyctl unlink 207503747 @s
keyctl_unlink: No such file or directory
keyctl unlink 207503747 @s
keyctl_unlink: Required key not available
+++ UPDATE UNLINKED KEY
echo -n @s | keyctl pupdate 207503747
keyctl_update: Required key not available
++++ FINISHED TEST: PASS
