++++ BEGINNING TEST
+++ ADD KEYRING
keyctl newring wibble @s
134447494
+++ LIST KEYRING
keyctl rlist 134447494

+++ ADD KEY
keyctl add user lizard gizzard 134447494
598654450
+++ LIST KEYRING 2
keyctl rlist 134447494
598654450
+++ INVALIDATE KEY
keyctl invalidate 598654450
+++ LIST KEYRING 3
keyctl rlist 134447494

+++ ADD KEY
keyctl add user lizard2 gizzard 134447494
193794749
+++ LIST KEYRING 4
keyctl rlist 134447494
193794749
+++ INVALIDATE KEYRING
keyctl invalidate 134447494
+++ CHECK KEYRING
keyctl rlist 134447494
keyctl_read_alloc: Required key not available
+++ CHECK KEY
keyctl rdescribe 193794749 @
keyctl_describe: Required key not available
++++ FINISHED TEST: PASS
