++++ BEGINNING TEST
+++ CHECK UNLINK BAD KEY ID
keyctl unlink 0 @s
keyctl_unlink: Invalid argument
+++ CHECK UNLINK FROM BAD KEY ID
keyctl unlink @s 0
keyctl_unlink: Invalid argument
+++ CREATE KEY
keyctl add user lizard gizzard @s
162552453
+++ CHECK UNLINK FROM NON-KEYRING KEY
keyctl unlink @s 162552453
keyctl_unlink: Not a directory
+++ UNLINK KEY
keyctl unlink 162552453 @s
+++ WAITING FOR KEY TO BE UNLINKED
keyctl unlink 162552453 @s
keyctl_unlink: No such file or directory
keyctl unlink 162552453 @s
keyctl_unlink: Required key not available
+++ CHECK UNLINK FROM NON-EXISTENT KEY ID
keyctl unlink @s 162552453
keyctl_unlink: Required key not available
+++ CHECK UNLINK NON-EXISTENT KEY ID
keyctl unlink 162552453 @s
keyctl_unlink: Required key not available
++++ FINISHED TEST: PASS
