++++ BEGINNING TEST
+++ SHOW SESSION KEYRING
Session Keyring
 232878876 --alswrv   1000  1000  keyring: RHTS/keyctl/3691
++++ FINISHED TEST: PASS
