++++ BEGINNING TEST
+++ ADD USER KEY
keyctl add user wibble stuff @s
552431696
+++ PRINT PAYLOAD
keyctl print 552431696
stuff
+++ UPDATE USER KEY
keyctl add user wibble lizard @s
552431696
+++ PRINT UPDATED PAYLOAD
keyctl print 552431696
lizard
+++ ADD KEY TO NON-KEYRING
keyctl add user lizard gizzards 552431696
add_key: Not a directory
+++ UNLINK KEY
keyctl unlink 552431696 @s
++++ FINISHED TEST: PASS
