++++ BEGINNING TEST
echo -n -e \x00\xb6\x89\x4d\x8f\xf7\xaf\x56\xd4\x46\xc9\x50\xc7\xe9\x1d\x29\x8a\x07\x8d\xae\xa7\x79\x66\xf1\x1f\xc1\x6f\x22\x92\x11\x73\x7f\x1f\x39\xce\xf3\xda\xd7\x87\x2a\x53\x8f\x6c\x8f\x9a\x27\x6a\x7c\xf7\x7b\xb2\xd6\x3a\x87\x2a\x4d\xb9\xed\x12\xae\x0f\x1c\x69\xaf\x9b\xf2\xf2\xe3\x69\x1d\x36\x15\xa1\xd7\xd5\x77\xa8\x7d\x1c\xb4\xab\xa0\x49\x4b\xae\x0c\x24\x9b\x0c\xce\xef\x6b\x7a\xb9\xa7\xbe\x70\xb5\xb4\x5e\x4c\xf7\xcb\x71\xad\x8f\xeb\x7a\x4d\x6c\x7c\xcb\x96\xd5\x29\x8f\x0f\xee\xb4\x78\x77\x60\x5e\x80\xa0\x33\x86\x91\xe3\x58\x62\xf0\xf4\xcb\xb2\x09\xe1\x7d\xd9\xfe\xbc\xce\x4c\x21\x57\x70\x06\xce\xb1\x15\x7b\x18\x15\x92\xd2\xf7\x84\xba\x44\xe0\x06\xc3\x14\xdf\x53\x06\xbd\xbb\x17\xa0\x10\xb3\x66\x0d\x47\x93\x56\xd8\xd5\x2c\x5a\xf0\x14\x53\x6c\x20\x89\x7e\x76\x53\x21\x8e\x2c\x7a\x65\x0a\x73\xdc\x27\x58\x45\x98\xde\x92\xde\x5c\x62\x70\x67\x71\xfa\x2d\x67\xf6\x25\x44\x1d\x91\x1c\xa0\x3f\x21\x49\xb6\xd4\xc7\x6b\x5e\xcd\x98\x96\xe9\xd7\x99\xa3\xa5\x00\xec\xec\xc5\x19\xe3\x1b\x71\x15\x4d\x7b\x36\x1b\xd0\xdd\x15\xf7\xce\x8d\xfc\x63 | keyctl padd user dh:prime @s
16080273
echo -n -e \x02 | keyctl padd user dh:generator @s
864604684
echo -n -e \x40\x94\x9d\xa2\xca\x2b\x7c\x35\x3d\xe3\x8f\xef\xb0\x6d\xdd\x0d\x67\x47\x9a\x63\x61\xc8\x9e\x77\xb9\x80\xd2\x48\x6c\x4d\x31\x97\x1e\xb8\x8f\x65\x72\x06\x99\x73\xe3\xae\x5a\x43\xce\x76\xbc\xcb\x35\xea\x05\xac\x65\x38\xeb\x0e\xa6\xad\xee\x49\x37\x60\x04\x35\xdd\x79\x40\x88\x5d\x2e\x3f\x78\xc7\x28\x08\x34\xf8\x78\xd3\xd5\x50\xcc\x93\x05\x33\x0b\xb8\xf0\x20\x85\xee\x6c\x23\x0d\x42\xd8\x4e\xb6\x7a\x24\x5b\x92\x81\x7f\xd1\x54\xbc\xb1\x39\x4a\x28\x9d\x11\xaf\xb5\xa1\xe5\x0e\x13\x95\x09\x08\xaf\x70\x75\x67\x04\xe9\xbf\x03\xdf\xf0\xe5\xd4\x90\x74\x38\x41\xc5\x34\xcb\x7e\x2c\xf4\xb9\xf0\x49\x3a\x73\x0b\x0d\x71\x09\x6a\x16\xbd\xc0\xe8\x52\xf1\x75\x75\x51\x34\xb2\xb4\x11\x12\x28\x0a\x88\x21\x27\x28\xaf\xbe\x16\xd4\x17\xf3\x18\x93\xcb\xe4\x42\xe0\x6d\x21\x2d\x8e\xfe\x22\x7a\xa0\x03\x9a\x65\xce\x99\x81\x07\xfa\xe2\x78\x51\x1c\x6b\xf4\xd5\x99\x32\x53\x4a\xe9\xfc\x39\xdb\x80\x63\x51\x63\xc0\x54\x66\x57\x50\x08\x66\xd5\x46\x1c\x5f\xa3\x54\x02\x38\x32\x4a\x29\xf3\x16\xe0\x68\xf3\xba\x17\x37\xd0\x42\xcb\x51\xa8\x97\x1b\xc7\xa2 | keyctl padd user dh:private @s
208869220
echo -n -e \x00 | keyctl padd logon dh:logon @s
705686618
+++ CHECK WRONG KEY TYPE
keyctl dh_compute 208869220 16080273 705686618
keyctl_dh_compute_alloc: Required key not available
keyctl dh_compute 208869220 16080273 @s
keyctl_dh_compute_alloc: Operation not supported
+++ CHECK MISSING KEY
keyctl dh_compute 208869220 16080273 0
keyctl_dh_compute_alloc: Required key not available
keyctl unlink 864604684 @s
+++ WAITING FOR KEY TO BE UNLINKED
keyctl unlink 864604684 @s
keyctl_unlink: Required key not available
keyctl dh_compute 208869220 16080273 864604684
keyctl_dh_compute_alloc: Required key not available
++++ FINISHED TEST: PASS
