++++ BEGINNING TEST
+++ CHECK BAD KEY ID
keyctl rdescribe 0 @
keyctl_describe: Invalid argument
keyctl describe 0
keyctl_describe_alloc: Invalid argument
+++ CREATE KEY
keyctl add user lizard gizzard @s
108318917
+++ UNLINK KEY
keyctl unlink 108318917 @s
+++ WAITING FOR KEY TO BE UNLINKED
keyctl unlink 108318917 @s
keyctl_unlink: Required key not available
+++ CHECK NON-EXISTENT KEY ID
keyctl rdescribe 108318917 @
keyctl_describe: Required key not available
keyctl describe 108318917
keyctl_describe_alloc: Required key not available
++++ FINISHED TEST: PASS
