++++ BEGINNING TEST
+++ CHECK BAD KEY ID
keyctl chown 0 0
keyctl_chown: Invalid argument
keyctl chgrp 0 0
keyctl_chown: Invalid argument
keyctl setperm 0 0
keyctl_setperm: Invalid argument
+++ CREATE KEY
keyctl add user lizard gizzard @s
632431243
+++ CHECK PERMS
keyctl setperm 632431243 0xffffffff
keyctl_setperm: Invalid argument
keyctl setperm 632431243 0x7f7f7f7f
keyctl_setperm: Invalid argument
+++ UNLINK KEY
keyctl unlink 632431243 @s
+++ WAITING FOR KEY TO BE UNLINKED
keyctl unlink 632431243 @s
keyctl_unlink: Required key not available
+++ CHECK CLEAR NON-EXISTENT KEY ID
keyctl chown 632431243 0
keyctl_chown: Required key not available
keyctl chgrp 632431243 0
keyctl_chown: Required key not available
keyctl setperm 632431243 0
keyctl_setperm: Required key not available
++++ FINISHED TEST: PASS
