++++ BEGINNING TEST
+++ NAMED SESSION
keyctl session qwerty keyctl rdescribe @s @
Joined session keyring: 830157241
keyring@1000@1000@3f130000@qwerty
++++ FINISHED TEST: PASS
