++++ SKIPPING TEST
+++ SKIP BECAUSE TEST REQUIRES FULL INSTALL (for /sbin/request-key)
