++++ BEGINNING TEST
+++ CHECK BAD KEY ID
keyctl timeout 0 10
keyctl_set_timeout: Invalid argument
+++ CREATE KEY
keyctl add user a a @s
1011210354
+++ DESTROY KEY ID
keyctl unlink 1011210354 @s
+++ WAITING FOR KEY TO BE UNLINKED
keyctl unlink 1011210354 @s
keyctl_unlink: Required key not available
+++ CHECK NON-EXISTENT KEY ID
keyctl timeout 1011210354 10
keyctl_set_timeout: Required key not available
++++ FINISHED TEST: PASS
