++++ BEGINNING TEST
+++ ADD KEYRING
keyctl newring wibble @s
189081668
+++ ADD KEY
keyctl add user lizard gizzard 189081668
594091819
+++ LIST KEYRING WITH ONE
keyctl rlist 189081668
594091819
+++ UNLINK KEY FROM KEYRING
keyctl unlink 594091819 189081668
+++ WAITING FOR KEY TO BE UNLINKED
keyctl unlink 594091819 189081668
keyctl_unlink: Required key not available
+++ CHECK NO UNLINK KEY FROM KEYRING
keyctl unlink 594091819 189081668
keyctl_unlink: Required key not available
+++ LIST KEYRING
keyctl rlist 189081668

+++ ADD TWENTY KEYS
keyctl add user lizard0 gizzard0 189081668
851006616
keyctl rlist 189081668
851006616
keyctl add user lizard1 gizzard1 189081668
1063111560
keyctl rlist 189081668
851006616 1063111560
keyctl add user lizard2 gizzard2 189081668
74779705
keyctl rlist 189081668
851006616 74779705 1063111560
keyctl add user lizard3 gizzard3 189081668
988582731
keyctl rlist 189081668
851006616 988582731 74779705 1063111560
keyctl add user lizard4 gizzard4 189081668
209716206
keyctl rlist 189081668
851006616 209716206 988582731 74779705 1063111560
keyctl add user lizard5 gizzard5 189081668
928908507
keyctl rlist 189081668
851006616 928908507 209716206 988582731 74779705 1063111560
keyctl add user lizard6 gizzard6 189081668
772070487
keyctl rlist 189081668
851006616 772070487 928908507 209716206 988582731 74779705 1063111560
keyctl add user lizard7 gizzard7 189081668
446143724
keyctl rlist 189081668
851006616 446143724 772070487 928908507 209716206 988582731 74779705 1063111560
keyctl add user lizard8 gizzard8 189081668
92264926
keyctl rlist 189081668
851006616 92264926 446143724 772070487 928908507 209716206 988582731 74779705 1063111560
keyctl add user lizard9 gizzard9 189081668
977689167
keyctl rlist 189081668
851006616 977689167 92264926 446143724 772070487 928908507 209716206 988582731 74779705 1063111560
keyctl add user lizard10 gizzard10 189081668
568203231
keyctl rlist 189081668
851006616 568203231 977689167 92264926 446143724 772070487 928908507 209716206 988582731 74779705 1063111560
keyctl add user lizard11 gizzard11 189081668
647168383
keyctl rlist 189081668
851006616 647168383 568203231 977689167 92264926 446143724 772070487 928908507 209716206 988582731 74779705 1063111560
keyctl add user lizard12 gizzard12 189081668
975256606
keyctl rlist 189081668
851006616 975256606 647168383 568203231 977689167 92264926 446143724 772070487 928908507 209716206 988582731 74779705 1063111560
keyctl add user lizard13 gizzard13 189081668
841939637
keyctl rlist 189081668
851006616 841939637 975256606 647168383 568203231 977689167 92264926 446143724 772070487 928908507 209716206 988582731 74779705 1063111560
keyctl add user lizard14 gizzard14 189081668
460316389
keyctl rlist 189081668
851006616 460316389 841939637 975256606 647168383 568203231 977689167 92264926 446143724 772070487 928908507 209716206 988582731 74779705 1063111560
keyctl add user lizard15 gizzard15 189081668
299804232
keyctl rlist 189081668
851006616 299804232 460316389 841939637 975256606 647168383 568203231 977689167 92264926 446143724 772070487 928908507 209716206 988582731 74779705 1063111560
keyctl add user lizard16 gizzard16 189081668
536710945
keyctl rlist 189081668
460316389 841939637 975256606 647168383 568203231 977689167 92264926 446143724 772070487 928908507 209716206 988582731 74779705 1063111560 536710945 851006616 299804232
keyctl add user lizard17 gizzard17 189081668
882803913
keyctl rlist 189081668
841939637 647168383 568203231 977689167 92264926 446143724 772070487 928908507 209716206 988582731 74779705 1063111560 536710945 882803913 460316389 975256606 851006616 299804232
keyctl add user lizard18 gizzard18 189081668
361670829
keyctl rlist 189081668
647168383 568203231 977689167 92264926 772070487 928908507 209716206 988582731 74779705 1063111560 536710945 882803913 361670829 841939637 446143724 460316389 975256606 851006616 299804232
keyctl add user lizard19 gizzard19 189081668
1040708494
keyctl rlist 189081668
647168383 568203231 92264926 772070487 928908507 209716206 988582731 74779705 1063111560 536710945 361670829 1040708494 841939637 446143724 460316389 975256606 851006616 299804232 977689167 882803913
+++ ADD TWENTY KEYRINGS
keyctl newring ring0 189081668
795877234
keyctl rlist 189081668
647168383 568203231 92264926 772070487 928908507 209716206 74779705 1063111560 361670829 1040708494 795877234 841939637 446143724 460316389 975256606 851006616 299804232 988582731 536710945 977689167 882803913
keyctl newring ring1 189081668
195311743
keyctl rlist 189081668
647168383 568203231 92264926 772070487 928908507 209716206 1063111560 361670829 795877234 195311743 841939637 446143724 460316389 975256606 851006616 299804232 988582731 536710945 977689167 882803913 74779705 1040708494
keyctl newring ring2 189081668
55578775
keyctl rlist 189081668
647168383 568203231 92264926 772070487 928908507 209716206 1063111560 361670829 795877234 195311743 55578775 841939637 446143724 460316389 975256606 851006616 299804232 988582731 536710945 977689167 882803913 74779705 1040708494
keyctl newring ring3 189081668
440794737
keyctl rlist 189081668
647168383 568203231 92264926 772070487 928908507 209716206 1063111560 361670829 795877234 195311743 55578775 440794737 841939637 446143724 460316389 975256606 851006616 299804232 988582731 536710945 977689167 882803913 74779705 1040708494
keyctl newring ring4 189081668
1064465579
keyctl rlist 189081668
647168383 568203231 92264926 772070487 928908507 209716206 1063111560 361670829 795877234 195311743 55578775 1064465579 440794737 841939637 446143724 460316389 975256606 851006616 299804232 988582731 536710945 977689167 882803913 74779705 1040708494
keyctl newring ring5 189081668
49976135
keyctl rlist 189081668
647168383 568203231 92264926 772070487 928908507 209716206 1063111560 361670829 795877234 195311743 55578775 49976135 1064465579 440794737 841939637 446143724 460316389 975256606 851006616 299804232 988582731 536710945 977689167 882803913 74779705 1040708494
keyctl newring ring6 189081668
193059021
keyctl rlist 189081668
647168383 568203231 92264926 772070487 928908507 209716206 1063111560 361670829 795877234 195311743 55578775 193059021 49976135 1064465579 440794737 841939637 446143724 460316389 975256606 851006616 299804232 988582731 536710945 977689167 882803913 74779705 1040708494
keyctl newring ring7 189081668
327551653
keyctl rlist 189081668
647168383 568203231 92264926 772070487 928908507 209716206 1063111560 361670829 795877234 195311743 55578775 327551653 193059021 49976135 1064465579 440794737 841939637 446143724 460316389 975256606 851006616 299804232 988582731 536710945 977689167 882803913 74779705 1040708494
keyctl newring ring8 189081668
164927142
keyctl rlist 189081668
647168383 568203231 92264926 772070487 928908507 209716206 1063111560 361670829 795877234 195311743 55578775 164927142 327551653 193059021 49976135 1064465579 440794737 841939637 446143724 460316389 975256606 851006616 299804232 988582731 536710945 977689167 882803913 74779705 1040708494
keyctl newring ring9 189081668
951831458
keyctl rlist 189081668
647168383 568203231 92264926 772070487 928908507 209716206 1063111560 361670829 795877234 195311743 55578775 951831458 164927142 327551653 193059021 49976135 1064465579 440794737 841939637 446143724 460316389 975256606 851006616 299804232 988582731 536710945 977689167 882803913 74779705 1040708494
keyctl newring ring10 189081668
819097156
keyctl rlist 189081668
647168383 568203231 92264926 772070487 928908507 209716206 1063111560 361670829 795877234 195311743 55578775 819097156 951831458 164927142 327551653 193059021 49976135 1064465579 440794737 841939637 446143724 460316389 975256606 851006616 299804232 988582731 536710945 977689167 882803913 74779705 1040708494
keyctl newring ring11 189081668
559369782
keyctl rlist 189081668
647168383 568203231 92264926 772070487 928908507 209716206 1063111560 361670829 795877234 195311743 55578775 559369782 819097156 951831458 164927142 327551653 193059021 49976135 1064465579 440794737 841939637 446143724 460316389 975256606 851006616 299804232 988582731 536710945 977689167 882803913 74779705 1040708494
keyctl newring ring12 189081668
810698676
keyctl rlist 189081668
647168383 568203231 92264926 772070487 928908507 209716206 1063111560 361670829 795877234 195311743 55578775 810698676 559369782 819097156 951831458 164927142 327551653 193059021 49976135 1064465579 440794737 841939637 446143724 460316389 975256606 851006616 299804232 988582731 536710945 977689167 882803913 74779705 1040708494
keyctl newring ring13 189081668
765211099
keyctl rlist 189081668
647168383 568203231 92264926 772070487 928908507 209716206 1063111560 361670829 795877234 195311743 55578775 765211099 810698676 559369782 819097156 951831458 164927142 327551653 193059021 49976135 1064465579 440794737 841939637 446143724 460316389 975256606 851006616 299804232 988582731 536710945 977689167 882803913 74779705 1040708494
keyctl newring ring14 189081668
566011240
keyctl rlist 189081668
647168383 568203231 92264926 772070487 928908507 209716206 1063111560 361670829 795877234 195311743 55578775 566011240 765211099 810698676 559369782 819097156 951831458 164927142 327551653 193059021 49976135 1064465579 440794737 841939637 446143724 460316389 975256606 851006616 299804232 988582731 536710945 977689167 882803913 74779705 1040708494
keyctl newring ring15 189081668
422084042
keyctl rlist 189081668
647168383 568203231 92264926 772070487 928908507 209716206 1063111560 361670829 795877234 195311743 55578775 422084042 566011240 765211099 810698676 559369782 819097156 951831458 164927142 327551653 193059021 49976135 1064465579 440794737 841939637 446143724 460316389 975256606 851006616 299804232 988582731 536710945 977689167 882803913 74779705 1040708494
keyctl newring ring16 189081668
197867422
keyctl rlist 189081668
647168383 568203231 92264926 772070487 928908507 209716206 1063111560 361670829 195311743 55578775 422084042 765211099 810698676 559369782 819097156 951831458 164927142 327551653 193059021 49976135 1064465579 440794737 197867422 795877234 566011240 841939637 446143724 460316389 975256606 851006616 299804232 988582731 536710945 977689167 882803913 74779705 1040708494
keyctl newring ring17 189081668
256434695
keyctl rlist 189081668
647168383 568203231 92264926 772070487 928908507 209716206 1063111560 361670829 195311743 55578775 765211099 810698676 559369782 819097156 951831458 164927142 327551653 193059021 1064465579 440794737 197867422 256434695 795877234 566011240 422084042 49976135 841939637 446143724 460316389 975256606 851006616 299804232 988582731 536710945 977689167 882803913 74779705 1040708494
keyctl newring ring18 189081668
110475309
keyctl rlist 189081668
647168383 568203231 92264926 772070487 928908507 209716206 1063111560 361670829 195311743 55578775 810698676 559369782 819097156 951831458 164927142 193059021 1064465579 440794737 197867422 256434695 110475309 765211099 327551653 795877234 566011240 422084042 49976135 841939637 446143724 460316389 975256606 851006616 299804232 988582731 536710945 977689167 882803913 74779705 1040708494
keyctl newring ring19 189081668
257849893
keyctl rlist 189081668
647168383 568203231 92264926 772070487 928908507 209716206 1063111560 361670829 195311743 55578775 810698676 819097156 951831458 164927142 193059021 440794737 197867422 256434695 110475309 559369782 1064465579 257849893 765211099 327551653 795877234 566011240 422084042 49976135 841939637 446143724 460316389 975256606 851006616 299804232 988582731 536710945 977689167 882803913 74779705 1040708494
+++ CHECK KEYRING CONTENTS
keyctl rlist 189081668
647168383 568203231 92264926 772070487 928908507 209716206 1063111560 361670829 195311743 55578775 810698676 819097156 951831458 164927142 193059021 440794737 197867422 256434695 110475309 559369782 1064465579 257849893 765211099 327551653 795877234 566011240 422084042 49976135 841939637 446143724 460316389 975256606 851006616 299804232 988582731 536710945 977689167 882803913 74779705 1040708494
+++ SHOW
Session Keyring
 306269715 --alswrv   1000  1000  keyring: RHTS/keyctl/6108
 189081668 --alswrv   1000  1000   \_ keyring: wibble
 647168383 --alswrv   1000  1000       \_ user: lizard11
 568203231 --alswrv   1000  1000       \_ user: lizard10
  92264926 --alswrv   1000  1000       \_ user: lizard8
 772070487 --alswrv   1000  1000       \_ user: lizard6
 928908507 --alswrv   1000  1000       \_ user: lizard5
 209716206 --alswrv   1000  1000       \_ user: lizard4
1063111560 --alswrv   1000  1000       \_ user: lizard1
 361670829 --alswrv   1000  1000       \_ user: lizard18
 195311743 --alswrv   1000  1000       \_ keyring: ring1
  55578775 --alswrv   1000  1000       \_ keyring: ring2
 810698676 --alswrv   1000  1000       \_ keyring: ring12
 819097156 --alswrv   1000  1000       \_ keyring: ring10
 951831458 --alswrv   1000  1000       \_ keyring: ring9
 164927142 --alswrv   1000  1000       \_ keyring: ring8
 193059021 --alswrv   1000  1000       \_ keyring: ring6
 440794737 --alswrv   1000  1000       \_ keyring: ring3
 197867422 --alswrv   1000  1000       \_ keyring: ring16
 256434695 --alswrv   1000  1000       \_ keyring: ring17
 110475309 --alswrv   1000  1000       \_ keyring: ring18
 559369782 --alswrv   1000  1000       \_ keyring: ring11
1064465579 --alswrv   1000  1000       \_ keyring: ring4
 257849893 --alswrv   1000  1000       \_ keyring: ring19
 765211099 --alswrv   1000  1000       \_ keyring: ring13
 327551653 --alswrv   1000  1000       \_ keyring: ring7
 795877234 --alswrv   1000  1000       \_ keyring: ring0
 566011240 --alswrv   1000  1000       \_ keyring: ring14
 422084042 --alswrv   1000  1000       \_ keyring: ring15
  49976135 --alswrv   1000  1000       \_ keyring: ring5
 841939637 --alswrv   1000  1000       \_ user: lizard13
 446143724 --alswrv   1000  1000       \_ user: lizard7
 460316389 --alswrv   1000  1000       \_ user: lizard14
 975256606 --alswrv   1000  1000       \_ user: lizard12
 851006616 --alswrv   1000  1000       \_ user: lizard0
 299804232 --alswrv   1000  1000       \_ user: lizard15
 988582731 --alswrv   1000  1000       \_ user: lizard3
 536710945 --alswrv   1000  1000       \_ user: lizard16
 977689167 --alswrv   1000  1000       \_ user: lizard9
 882803913 --alswrv   1000  1000       \_ user: lizard17
  74779705 --alswrv   1000  1000       \_ user: lizard2
1040708494 --alswrv   1000  1000       \_ user: lizard19
+++ DELETE CONTENTS OF KEYRING
keyctl unlink 851006616 189081668
+++ WAITING FOR KEY TO BE UNLINKED
keyctl unlink 851006616 189081668
keyctl_unlink: No such file or directory
keyctl unlink 851006616 189081668
keyctl_unlink: Required key not available
keyctl unlink 851006616 189081668
keyctl_unlink: Required key not available
keyctl unlink 1063111560 189081668
+++ WAITING FOR KEY TO BE UNLINKED
keyctl unlink 1063111560 189081668
keyctl_unlink: No such file or directory
keyctl unlink 1063111560 189081668
keyctl_unlink: Required key not available
keyctl unlink 1063111560 189081668
keyctl_unlink: Required key not available
keyctl unlink 74779705 189081668
+++ WAITING FOR KEY TO BE UNLINKED
keyctl unlink 74779705 189081668
keyctl_unlink: Required key not available
keyctl unlink 74779705 189081668
keyctl_unlink: Required key not available
keyctl unlink 988582731 189081668
+++ WAITING FOR KEY TO BE UNLINKED
keyctl unlink 988582731 189081668
keyctl_unlink: No such file or directory
keyctl unlink 988582731 189081668
keyctl_unlink: Required key not available
keyctl unlink 988582731 189081668
keyctl_unlink: Required key not available
keyctl unlink 209716206 189081668
+++ WAITING FOR KEY TO BE UNLINKED
keyctl unlink 209716206 189081668
keyctl_unlink: Required key not available
keyctl unlink 209716206 189081668
keyctl_unlink: Required key not available
keyctl unlink 928908507 189081668
+++ WAITING FOR KEY TO BE UNLINKED
keyctl unlink 928908507 189081668
keyctl_unlink: Required key not available
keyctl unlink 928908507 189081668
keyctl_unlink: Required key not available
keyctl unlink 772070487 189081668
+++ WAITING FOR KEY TO BE UNLINKED
keyctl unlink 772070487 189081668
keyctl_unlink: Required key not available
keyctl unlink 772070487 189081668
keyctl_unlink: Required key not available
keyctl unlink 446143724 189081668
+++ WAITING FOR KEY TO BE UNLINKED
keyctl unlink 446143724 189081668
keyctl_unlink: No such file or directory
keyctl unlink 446143724 189081668
keyctl_unlink: Required key not available
keyctl unlink 446143724 189081668
keyctl_unlink: Required key not available
keyctl unlink 92264926 189081668
+++ WAITING FOR KEY TO BE UNLINKED
keyctl unlink 92264926 189081668
keyctl_unlink: Required key not available
keyctl unlink 92264926 189081668
keyctl_unlink: Required key not available
keyctl unlink 977689167 189081668
+++ WAITING FOR KEY TO BE UNLINKED
keyctl unlink 977689167 189081668
keyctl_unlink: Required key not available
keyctl unlink 977689167 189081668
keyctl_unlink: Required key not available
keyctl unlink 568203231 189081668
+++ WAITING FOR KEY TO BE UNLINKED
keyctl unlink 568203231 189081668
keyctl_unlink: Required key not available
keyctl unlink 568203231 189081668
keyctl_unlink: Required key not available
keyctl unlink 647168383 189081668
+++ WAITING FOR KEY TO BE UNLINKED
keyctl unlink 647168383 189081668
keyctl_unlink: Required key not available
keyctl unlink 647168383 189081668
keyctl_unlink: Required key not available
keyctl unlink 975256606 189081668
+++ WAITING FOR KEY TO BE UNLINKED
keyctl unlink 975256606 189081668
keyctl_unlink: Required key not available
keyctl unlink 975256606 189081668
keyctl_unlink: Required key not available
keyctl unlink 841939637 189081668
+++ WAITING FOR KEY TO BE UNLINKED
keyctl unlink 841939637 189081668
keyctl_unlink: Required key not available
keyctl unlink 841939637 189081668
keyctl_unlink: Required key not available
keyctl unlink 460316389 189081668
+++ WAITING FOR KEY TO BE UNLINKED
keyctl unlink 460316389 189081668
keyctl_unlink: No such file or directory
keyctl unlink 460316389 189081668
keyctl_unlink: Required key not available
keyctl unlink 460316389 189081668
keyctl_unlink: Required key not available
keyctl unlink 299804232 189081668
+++ WAITING FOR KEY TO BE UNLINKED
keyctl unlink 299804232 189081668
keyctl_unlink: Required key not available
keyctl unlink 299804232 189081668
keyctl_unlink: Required key not available
keyctl unlink 536710945 189081668
+++ WAITING FOR KEY TO BE UNLINKED
keyctl unlink 536710945 189081668
keyctl_unlink: Required key not available
keyctl unlink 536710945 189081668
keyctl_unlink: Required key not available
keyctl unlink 882803913 189081668
+++ WAITING FOR KEY TO BE UNLINKED
keyctl unlink 882803913 189081668
keyctl_unlink: Required key not available
keyctl unlink 882803913 189081668
keyctl_unlink: Required key not available
keyctl unlink 361670829 189081668
+++ WAITING FOR KEY TO BE UNLINKED
keyctl unlink 361670829 189081668
keyctl_unlink: Required key not available
keyctl unlink 361670829 189081668
keyctl_unlink: Required key not available
keyctl unlink 1040708494 189081668
+++ WAITING FOR KEY TO BE UNLINKED
keyctl unlink 1040708494 189081668
keyctl_unlink: Required key not available
keyctl unlink 1040708494 189081668
keyctl_unlink: Required key not available
keyctl unlink 795877234 189081668
+++ WAITING FOR KEY TO BE UNLINKED
keyctl unlink 795877234 189081668
keyctl_unlink: Required key not available
keyctl unlink 795877234 189081668
keyctl_unlink: Required key not available
keyctl unlink 195311743 189081668
+++ WAITING FOR KEY TO BE UNLINKED
keyctl unlink 195311743 189081668
keyctl_unlink: Required key not available
keyctl unlink 195311743 189081668
keyctl_unlink: Required key not available
keyctl unlink 55578775 189081668
+++ WAITING FOR KEY TO BE UNLINKED
keyctl unlink 55578775 189081668
keyctl_unlink: Required key not available
keyctl unlink 55578775 189081668
keyctl_unlink: Required key not available
keyctl unlink 440794737 189081668
+++ WAITING FOR KEY TO BE UNLINKED
keyctl unlink 440794737 189081668
keyctl_unlink: Required key not available
keyctl unlink 440794737 189081668
keyctl_unlink: Required key not available
keyctl unlink 1064465579 189081668
+++ WAITING FOR KEY TO BE UNLINKED
keyctl unlink 1064465579 189081668
keyctl_unlink: Required key not available
keyctl unlink 1064465579 189081668
keyctl_unlink: Required key not available
keyctl unlink 49976135 189081668
+++ WAITING FOR KEY TO BE UNLINKED
keyctl unlink 49976135 189081668
keyctl_unlink: Required key not available
keyctl unlink 49976135 189081668
keyctl_unlink: Required key not available
keyctl unlink 193059021 189081668
+++ WAITING FOR KEY TO BE UNLINKED
keyctl unlink 193059021 189081668
keyctl_unlink: No such file or directory
keyctl unlink 193059021 189081668
keyctl_unlink: Required key not available
keyctl unlink 193059021 189081668
keyctl_unlink: Required key not available
keyctl unlink 327551653 189081668
+++ WAITING FOR KEY TO BE UNLINKED
keyctl unlink 327551653 189081668
keyctl_unlink: No such file or directory
keyctl unlink 327551653 189081668
keyctl_unlink: Required key not available
keyctl unlink 327551653 189081668
keyctl_unlink: Required key not available
keyctl unlink 164927142 189081668
+++ WAITING FOR KEY TO BE UNLINKED
keyctl unlink 164927142 189081668
keyctl_unlink: Required key not available
keyctl unlink 164927142 189081668
keyctl_unlink: Required key not available
keyctl unlink 951831458 189081668
+++ WAITING FOR KEY TO BE UNLINKED
keyctl unlink 951831458 189081668
keyctl_unlink: Required key not available
keyctl unlink 951831458 189081668
keyctl_unlink: Required key not available
keyctl unlink 819097156 189081668
+++ WAITING FOR KEY TO BE UNLINKED
keyctl unlink 819097156 189081668
keyctl_unlink: Required key not available
keyctl unlink 819097156 189081668
keyctl_unlink: Required key not available
keyctl unlink 559369782 189081668
+++ WAITING FOR KEY TO BE UNLINKED
keyctl unlink 559369782 189081668
keyctl_unlink: Required key not available
keyctl unlink 559369782 189081668
keyctl_unlink: Required key not available
keyctl unlink 810698676 189081668
+++ WAITING FOR KEY TO BE UNLINKED
keyctl unlink 810698676 189081668
keyctl_unlink: No such file or directory
keyctl unlink 810698676 189081668
keyctl_unlink: Required key not available
keyctl unlink 810698676 189081668
keyctl_unlink: Required key not available
keyctl unlink 765211099 189081668
+++ WAITING FOR KEY TO BE UNLINKED
keyctl unlink 765211099 189081668
keyctl_unlink: Required key not available
keyctl unlink 765211099 189081668
keyctl_unlink: Required key not available
keyctl unlink 566011240 189081668
+++ WAITING FOR KEY TO BE UNLINKED
keyctl unlink 566011240 189081668
keyctl_unlink: No such file or directory
keyctl unlink 566011240 189081668
keyctl_unlink: Required key not available
keyctl unlink 566011240 189081668
keyctl_unlink: Required key not available
keyctl unlink 422084042 189081668
+++ WAITING FOR KEY TO BE UNLINKED
keyctl unlink 422084042 189081668
keyctl_unlink: Required key not available
keyctl unlink 422084042 189081668
keyctl_unlink: Required key not available
keyctl unlink 197867422 189081668
+++ WAITING FOR KEY TO BE UNLINKED
keyctl unlink 197867422 189081668
keyctl_unlink: No such file or directory
keyctl unlink 197867422 189081668
keyctl_unlink: Required key not available
keyctl unlink 197867422 189081668
keyctl_unlink: Required key not available
keyctl unlink 256434695 189081668
+++ WAITING FOR KEY TO BE UNLINKED
keyctl unlink 256434695 189081668
keyctl_unlink: Required key not available
keyctl unlink 256434695 189081668
keyctl_unlink: Required key not available
keyctl unlink 110475309 189081668
+++ WAITING FOR KEY TO BE UNLINKED
keyctl unlink 110475309 189081668
keyctl_unlink: No such file or directory
keyctl unlink 110475309 189081668
keyctl_unlink: Required key not available
keyctl unlink 110475309 189081668
keyctl_unlink: Required key not available
keyctl unlink 257849893 189081668
+++ WAITING FOR KEY TO BE UNLINKED
keyctl unlink 257849893 189081668
keyctl_unlink: Required key not available
keyctl unlink 257849893 189081668
keyctl_unlink: Required key not available
+++ LIST KEYRING
keyctl rlist 189081668

+++ UNLINK KEY
keyctl unlink 189081668 @s
++++ FINISHED TEST: PASS
