++++ BEGINNING TEST
+++ CHECK CLEAR BAD KEY ID
keyctl clear 0
keyctl_clear: Invalid argument
+++ CREATE KEY
keyctl add user lizard gizzard @s
287616140
+++ CHECK CLEAR NON-KEYRING KEY
keyctl clear 287616140
keyctl_clear: Not a directory
+++ UNLINK KEY
keyctl unlink 287616140 @s
+++ WAITING FOR KEY TO BE UNLINKED
keyctl unlink 287616140 @s
keyctl_unlink: Required key not available
+++ CHECK CLEAR NON-EXISTENT KEY ID
keyctl clear 287616140
keyctl_clear: Required key not available
++++ FINISHED TEST: PASS
