++++ BEGINNING TEST
+++ ADD KEYRING
keyctl newring wibble @s
680294281
+++ LIST KEYRING
keyctl rlist 680294281

+++ ADD KEYRING AGAIN
keyctl newring wibble @s
644593883
+++ LIST SESSION KEYRING
keyctl rlist @s
644593883
+++ VALIDATE NEW KEYRING
+++ WAITING FOR KEY TO BE DESTROYED
keyctl rdescribe 680294281 @
keyctl_describe: Required key not available
+++ LIST SESSION KEYRING2
keyctl rlist @s
644593883
+++ VALIDATE NEW KEYRING2
keyctl rdescribe 644593883 @
keyring@1000@1000@3f010000@wibble
+++ UNLINK KEY
keyctl unlink 644593883 @s
++++ FINISHED TEST: PASS
