++++ BEGINNING TEST
+++ CHECK INVALIDATE BAD KEY ID
keyctl invalidate 0
keyctl_invalidate: Invalid argument
+++ CREATE KEY
keyctl add user lizard gizzard @s
441519314
+++ UNLINK KEY
keyctl unlink 441519314 @s
+++ WAITING FOR KEY TO BE UNLINKED
keyctl unlink 441519314 @s
keyctl_unlink: No such file or directory
keyctl unlink 441519314 @s
keyctl_unlink: Required key not available
+++ CHECK INVALIDATE NON-EXISTENT KEY ID
keyctl invalidate 441519314
keyctl_invalidate: Required key not available
++++ FINISHED TEST: PASS
