++++ BEGINNING TEST
+++ ADD KEYRING 1
keyctl newring wibble1 @s
1018215520
+++ ADD KEYRING 2
keyctl newring wibble2 1018215520
228024344
+++ ADD KEYRING 3
keyctl newring wibble3 228024344
960526780
+++ ADD KEYRING 4
keyctl newring wibble4 960526780
479748660
+++ ADD KEYRING 5
keyctl newring wibble5 479748660
63782236
+++ ADD KEYRING 6
keyctl newring wibble6 63782236
328477585
+++ ADD KEYRING 7
keyctl newring wibble7 328477585
364923175
+++ SHOW SESSION KEYRING
Session Keyring
 771920792 --alswrv   1000  1000  keyring: RHTS/keyctl/3734
1018215520 --alswrv   1000  1000   \_ keyring: wibble1
 228024344 --alswrv   1000  1000       \_ keyring: wibble2
 960526780 --alswrv   1000  1000           \_ keyring: wibble3
 479748660 --alswrv   1000  1000               \_ keyring: wibble4
  63782236 --alswrv   1000  1000                   \_ keyring: wibble5
 328477585 --alswrv   1000  1000                       \_ keyring: wibble6
 364923175 --alswrv   1000  1000                           \_ keyring: wibble7
+++ COUNT LINES
+++ CHECK KEY ID LIST
Compare '1018215520 228024344 960526780 479748660 63782236 328477585 364923175'
And     '1018215520 228024344 960526780 479748660 63782236 328477585 364923175'
+++ CHECK SHOW OTHERS 7
--- 1018215520
Keyring
1018215520 --alswrv   1000  1000  keyring: wibble1
 228024344 --alswrv   1000  1000   \_ keyring: wibble2
 960526780 --alswrv   1000  1000       \_ keyring: wibble3
 479748660 --alswrv   1000  1000           \_ keyring: wibble4
  63782236 --alswrv   1000  1000               \_ keyring: wibble5
 328477585 --alswrv   1000  1000                   \_ keyring: wibble6
 364923175 --alswrv   1000  1000                       \_ keyring: wibble7
+++ CHECK SHOW OTHERS 6
--- 228024344
Keyring
 228024344 --alswrv   1000  1000  keyring: wibble2
 960526780 --alswrv   1000  1000   \_ keyring: wibble3
 479748660 --alswrv   1000  1000       \_ keyring: wibble4
  63782236 --alswrv   1000  1000           \_ keyring: wibble5
 328477585 --alswrv   1000  1000               \_ keyring: wibble6
 364923175 --alswrv   1000  1000                   \_ keyring: wibble7
+++ CHECK SHOW OTHERS 5
--- 960526780
Keyring
 960526780 --alswrv   1000  1000  keyring: wibble3
 479748660 --alswrv   1000  1000   \_ keyring: wibble4
  63782236 --alswrv   1000  1000       \_ keyring: wibble5
 328477585 --alswrv   1000  1000           \_ keyring: wibble6
 364923175 --alswrv   1000  1000               \_ keyring: wibble7
+++ CHECK SHOW OTHERS 4
--- 479748660
Keyring
 479748660 --alswrv   1000  1000  keyring: wibble4
  63782236 --alswrv   1000  1000   \_ keyring: wibble5
 328477585 --alswrv   1000  1000       \_ keyring: wibble6
 364923175 --alswrv   1000  1000           \_ keyring: wibble7
+++ CHECK SHOW OTHERS 3
--- 63782236
Keyring
  63782236 --alswrv   1000  1000  keyring: wibble5
 328477585 --alswrv   1000  1000   \_ keyring: wibble6
 364923175 --alswrv   1000  1000       \_ keyring: wibble7
+++ CHECK SHOW OTHERS 2
--- 328477585
Keyring
 328477585 --alswrv   1000  1000  keyring: wibble6
 364923175 --alswrv   1000  1000   \_ keyring: wibble7
+++ CHECK SHOW OTHERS 1
--- 364923175
Keyring
 364923175 --alswrv   1000  1000  keyring: wibble7
++++ FINISHED TEST: PASS
