++++ BEGINNING TEST
+++ ADD USER KEY
echo -n stuff | keyctl padd user wibble @s
339537837
+++ PRINT PAYLOAD
keyctl print 339537837
stuff
+++ UPDATE USER KEY
echo -n lizard | keyctl padd user wibble @s
339537837
+++ PRINT UPDATED PAYLOAD
keyctl print 339537837
lizard
+++ UNLINK KEY
keyctl unlink 339537837 @s
+++ ADD LARGE USER KEY
dd if=/dev/zero count=1 bs=32767 | keyctl padd user large @s
607276083
keyctl pipe 607276083 | md5sum | cut -c1-32
f128f774ede3fe931e7c6745c4292f40
+++ CLEAR KEYRING
keyctl clear @s
++++ FINISHED TEST: PASS
